USER@aziz7 MINGW64 ~
$ cd /c

USER@aziz7 MINGW64 /c
$ cd git

USER@aziz7 MINGW64 /c/git
$ ls
repos.txt

USER@aziz7 MINGW64 /c/git
$ git init
Initialized empty Git repository in C:/git/.git/

USER@aziz7 MINGW64 /c/git (master)
$ remote add origin
GNU bash, version 5.2.37(1)-release (x86_64-pc-msys)
$ git remote add origin https://github.com/AA2543/aziz-git.git

USER@aziz7 MINGW64 /c/git (master)
$ git status
On branch master

No commits yet

Untracked files:
  (use "git add <file>..." to include in what will be committed)
        repos.txt

nothing added to commit but untracked files present (use "git add" to track)

USER@aziz7 MINGW64 /c/git (master)
$ git add repos.txt

USER@aziz7 MINGW64 /c/git (master)
$ git status
On branch master

No commits yet

Changes to be committed:
  (use "git rm --cached <file>..." to unstage)
        new file:   repos.txt


USER@aziz7 MINGW64 /c/git (master)
$ git commit -m ""
Author identity unknown

*** Please tell me who you are.

Run

  git config --global user.email "you@example.com"
  git config --global user.name "Your Name"

to set your account's default identity.
Omit --global to set the identity only in this repository.

fatal: unable to auto-detect email address (got 'USER@aziz7.(none)')

USER@aziz7 MINGW64 /c/git (master)
$ ^C

USER@aziz7 MINGW64 /c/git (master)
$  git config --global user.email "azizstar754@gmail.com"

USER@aziz7 MINGW64 /c/git (master)
$ git config --global user.name "AA2543"

USER@aziz7 MINGW64 /c/git (master)
$ git commit -m ""
Aborting commit due to empty commit message.

USER@aziz7 MINGW64 /c/git (master)
$ git commit -m " "
Aborting commit due to empty commit message.

USER@aziz7 MINGW64 /c/git (master)
$ git commit -m "add"
[master (root-commit) 53ba23d] add
 1 file changed, 1 insertion(+)
 create mode 100644 repos.txt

USER@aziz7 MINGW64 /c/git (master)
$ git push
fatal: The current branch master has no upstream branch.
To push the current branch and set the remote as upstream, use

    git push --set-upstream origin master

To have this happen automatically for branches without a tracking
upstream, see 'push.autoSetupRemote' in 'git help config'.


USER@aziz7 MINGW64 /c/git (master)
$  git push --set-upstream origin master
info: please complete authentication in your browser...
Enumerating objects: 3, done.
Counting objects: 100% (3/3), done.
Writing objects: 100% (3/3), 218 bytes | 218.00 KiB/s, done.
Total 3 (delta 0), reused 0 (delta 0), pack-reused 0 (from 0)
To https://github.com/AA2543/aziz-git.git
 * [new branch]      master -> master
branch 'master' set up to track 'origin/master'.

USER@aziz7 MINGW64 /c/git (master)
$
